node_modules/react-router-dom/dist/index.d.ts(1,69): error TS2307: Cannot find module 'react-router/dom' or its corresponding type declarations.
  There are types at 'C:/Users/LSC16/Desktop/DB SKills/Bharat Vishwa Saarti/node_modules/react-router/dist/development/dom-export.d.mts', but this result could not be resolved under your current 'moduleResolution' setting. Consider updating to 'node16', 'nodenext', or 'bundler'.
node_modules/react-router/dist/development/index.d.ts(4,8): error TS1259: Module '"C:/Users/LSC16/Desktop/DB SKills/Bharat Vishwa Saarti/node_modules/@types/react/index"' can only be default-imported using the 'esModuleInterop' flag
node_modules/react-router/dist/development/instrumentation-DvHY1sgY.d.ts(408,5): error TS18028: Private identifiers are only available when targeting ECMAScript 2015 and higher.
src/App.tsx(3,20): error TS2307: Cannot find module '@/components/header/Header' or its corresponding type declarations.
src/App.tsx(4,18): error TS2307: Cannot find module '@/components/hero/Hero' or its corresponding type declarations.
src/App.tsx(5,24): error TS6142: Module './components/ChatWidget' was resolved to 'C:/Users/LSC16/Desktop/DB SKills/Bharat Vishwa Saarti/src/components/ChatWidget.tsx', but '--jsx' is not set.
src/App.tsx(6,30): error TS6142: Module './components/LogisticsJourney' was resolved to 'C:/Users/LSC16/Desktop/DB SKills/Bharat Vishwa Saarti/src/components/LogisticsJourney.tsx', but '--jsx' is not set.
src/App.tsx(7,22): error TS6142: Module './components/Partners' was resolved to 'C:/Users/LSC16/Desktop/DB SKills/Bharat Vishwa Saarti/src/components/Partners.tsx', but '--jsx' is not set.
src/App.tsx(8,26): error TS6142: Module './components/Testimonials' was resolved to 'C:/Users/LSC16/Desktop/DB SKills/Bharat Vishwa Saarti/src/components/Testimonials.tsx', but '--jsx' is not set.
src/App.tsx(9,20): error TS6142: Module './components/Footer' was resolved to 'C:/Users/LSC16/Desktop/DB SKills/Bharat Vishwa Saarti/src/components/Footer.tsx', but '--jsx' is not set.
src/App.tsx(10,19): error TS6142: Module './components/Learn' was resolved to 'C:/Users/LSC16/Desktop/DB SKills/Bharat Vishwa Saarti/src/components/Learn.tsx', but '--jsx' is not set.
src/App.tsx(11,20): error TS6142: Module './components/Enroll' was resolved to 'C:/Users/LSC16/Desktop/DB SKills/Bharat Vishwa Saarti/src/components/Enroll.tsx', but '--jsx' is not set.
src/App.tsx(12,21): error TS6142: Module './components/Contact' was resolved to 'C:/Users/LSC16/Desktop/DB SKills/Bharat Vishwa Saarti/src/components/Contact.tsx', but '--jsx' is not set.
src/App.tsx(13,24): error TS6142: Module './components/ApplyModal' was resolved to 'C:/Users/LSC16/Desktop/DB SKills/Bharat Vishwa Saarti/src/components/ApplyModal.tsx', but '--jsx' is not set.
src/App.tsx(19,5): error TS17004: Cannot use JSX unless the '--jsx' flag is provided.
src/App.tsx(20,7): error TS17004: Cannot use JSX unless the '--jsx' flag is provided.
src/App.tsx(21,7): error TS17004: Cannot use JSX unless the '--jsx' flag is provided.
src/App.tsx(23,7): error TS17004: Cannot use JSX unless the '--jsx' flag is provided.
src/App.tsx(24,9): error TS17004: Cannot use JSX unless the '--jsx' flag is provided.
src/App.tsx(27,13): error TS17004: Cannot use JSX unless the '--jsx' flag is provided.
src/App.tsx(28,15): error TS17004: Cannot use JSX unless the '--jsx' flag is provided.
src/App.tsx(29,15): error TS17004: Cannot use JSX unless the '--jsx' flag is provided.
src/App.tsx(30,15): error TS17004: Cannot use JSX unless the '--jsx' flag is provided.
src/App.tsx(31,15): error TS17004: Cannot use JSX unless the '--jsx' flag is provided.
src/App.tsx(35,9): error TS17004: Cannot use JSX unless the '--jsx' flag is provided.
src/App.tsx(35,39): error TS17004: Cannot use JSX unless the '--jsx' flag is provided.
src/App.tsx(36,9): error TS17004: Cannot use JSX unless the '--jsx' flag is provided.
src/App.tsx(36,40): error TS17004: Cannot use JSX unless the '--jsx' flag is provided.
src/App.tsx(37,9): error TS17004: Cannot use JSX unless the '--jsx' flag is provided.
src/App.tsx(37,41): error TS17004: Cannot use JSX unless the '--jsx' flag is provided.
src/App.tsx(41,7): error TS17004: Cannot use JSX unless the '--jsx' flag is provided.
src/App.tsx(47,7): error TS17004: Cannot use JSX unless the '--jsx' flag is provided.
src/components/ApplyModal.tsx(1,8): error TS1259: Module '"C:/Users/LSC16/Desktop/DB SKills/Bharat Vishwa Saarti/node_modules/@types/react/index"' can only be default-imported using the 'esModuleInterop' flag
src/components/ApplyModal.tsx(217,5): error TS17004: Cannot use JSX unless the '--jsx' flag is provided.
src/components/ApplyModal.tsx(221,7): error TS17004: Cannot use JSX unless the '--jsx' flag is provided.
src/components/ApplyModal.tsx(226,9): error TS17004: Cannot use JSX unless the '--jsx' flag is provided.
src/components/ApplyModal.tsx(232,11): error TS17004: Cannot use JSX unless the '--jsx' flag is provided.
src/components/ApplyModal.tsx(237,11): error TS17004: Cannot use JSX unless the '--jsx' flag is provided.
src/components/ApplyModal.tsx(238,13): error TS17004: Cannot use JSX unless the '--jsx' flag is provided.
src/components/ApplyModal.tsx(239,15): error TS17004: Cannot use JSX unless the '--jsx' flag is provided.
src/components/ApplyModal.tsx(241,13): error TS17004: Cannot use JSX unless the '--jsx' flag is provided.
src/components/ApplyModal.tsx(244,13): error TS17004: Cannot use JSX unless the '--jsx' flag is provided.
src/components/ApplyModal.tsx(247,13): error TS17004: Cannot use JSX unless the '--jsx' flag is provided.
src/components/ApplyModal.tsx(249,15): error TS17004: Cannot use JSX unless the '--jsx' flag is provided.
src/components/ApplyModal.tsx(251,13): error TS17004: Cannot use JSX unless the '--jsx' flag is provided.
src/components/ApplyModal.tsx(252,15): error TS17004: Cannot use JSX unless the '--jsx' flag is provided.
src/components/ApplyModal.tsx(253,15): error TS17004: Cannot use JSX unless the '--jsx' flag is provided.
src/components/ApplyModal.tsx(260,11): error TS17004: Cannot use JSX unless the '--jsx' flag is provided.
src/components/ApplyModal.tsx(262,13): error TS17004: Cannot use JSX unless the '--jsx' flag is provided.
src/components/ApplyModal.tsx(263,15): error TS17004: Cannot use JSX unless the '--jsx' flag is provided.
src/components/ApplyModal.tsx(264,17): error TS17004: Cannot use JSX unless the '--jsx' flag is provided.
src/components/ApplyModal.tsx(268,17): error TS17004: Cannot use JSX unless the '--jsx' flag is provided.
src/components/ApplyModal.tsx(269,19): error TS17004: Cannot use JSX unless the '--jsx' flag is provided.
src/components/ApplyModal.tsx(270,19): error TS17004: Cannot use JSX unless the '--jsx' flag is provided.
src/components/ApplyModal.tsx(274,15): error TS17004: Cannot use JSX unless the '--jsx' flag is provided.
src/components/ApplyModal.tsx(280,15): error TS17004: Cannot use JSX unless the '--jsx' flag is provided.
src/components/ApplyModal.tsx(287,13): error TS17004: Cannot use JSX unless the '--jsx' flag is provided.
src/components/ApplyModal.tsx(289,17): error TS17004: Cannot use JSX unless the '--jsx' flag is provided.
src/components/ApplyModal.tsx(290,19): error TS17004: Cannot use JSX unless the '--jsx' flag is provided.
src/components/ApplyModal.tsx(291,19): error TS17004: Cannot use JSX unless the '--jsx' flag is provided.
src/components/ApplyModal.tsx(295,15): error TS17004: Cannot use JSX unless the '--jsx' flag is provided.
src/components/ApplyModal.tsx(296,17): error TS17004: Cannot use JSX unless the '--jsx' flag is provided.
src/components/ApplyModal.tsx(297,19): error TS17004: Cannot use JSX unless the '--jsx' flag is provided.
src/components/ApplyModal.tsx(301,21): error TS17004: Cannot use JSX unless the '--jsx' flag is provided.
src/components/ApplyModal.tsx(304,19): error TS17004: Cannot use JSX unless the '--jsx' flag is provided.
src/components/ApplyModal.tsx(317,17): error TS17004: Cannot use JSX unless the '--jsx' flag is provided.
src/components/ApplyModal.tsx(318,19): error TS17004: Cannot use JSX unless the '--jsx' flag is provided.
src/components/ApplyModal.tsx(319,21): error TS17004: Cannot use JSX unless the '--jsx' flag is provided.
src/components/ApplyModal.tsx(323,23): error TS17004: Cannot use JSX unless the '--jsx' flag is provided.
src/components/ApplyModal.tsx(326,21): error TS17004: Cannot use JSX unless the '--jsx' flag is provided.
src/components/ApplyModal.tsx(339,19): error TS17004: Cannot use JSX unless the '--jsx' flag is provided.
src/components/ApplyModal.tsx(340,21): error TS17004: Cannot use JSX unless the '--jsx' flag is provided.
src/components/ApplyModal.tsx(344,23): error TS17004: Cannot use JSX unless the '--jsx' flag is provided.
src/components/ApplyModal.tsx(347,21): error TS17004: Cannot use JSX unless the '--jsx' flag is provided.
src/components/ApplyModal.tsx(361,17): error TS17004: Cannot use JSX unless the '--jsx' flag is provided.
src/components/ApplyModal.tsx(362,19): error TS17004: Cannot use JSX unless the '--jsx' flag is provided.
src/components/ApplyModal.tsx(366,21): error TS17004: Cannot use JSX unless the '--jsx' flag is provided.
src/components/ApplyModal.tsx(369,19): error TS17004: Cannot use JSX unless the '--jsx' flag is provided.
src/components/ApplyModal.tsx(378,21): error TS17004: Cannot use JSX unless the '--jsx' flag is provided.
src/components/ApplyModal.tsx(380,23): error TS17004: Cannot use JSX unless the '--jsx' flag is provided.
src/components/ApplyModal.tsx(387,17): error TS17004: Cannot use JSX unless the '--jsx' flag is provided.
src/components/ApplyModal.tsx(388,19): error TS17004: Cannot use JSX unless the '--jsx' flag is provided.
src/components/ApplyModal.tsx(392,21): error TS17004: Cannot use JSX unless the '--jsx' flag is provided.
src/components/ApplyModal.tsx(395,19): error TS17004: Cannot use JSX unless the '--jsx' flag is provided.
src/components/ApplyModal.tsx(407,17): error TS17004: Cannot use JSX unless the '--jsx' flag is provided.
src/components/ApplyModal.tsx(413,21): error TS17004: Cannot use JSX unless the '--jsx' flag is provided.
src/components/ApplyModal.tsx(414,23): error TS17004: Cannot use JSX unless the '--jsx' flag is provided.
src/components/ApplyModal.tsx(418,21): error TS17004: Cannot use JSX unless the '--jsx' flag is provided.
src/components/ApplyModal.tsx(420,23): error TS17004: Cannot use JSX unless the '--jsx' flag is provided.
src/components/ChatWidget.tsx(1,8): error TS1259: Module '"C:/Users/LSC16/Desktop/DB SKills/Bharat Vishwa Saarti/node_modules/@types/react/index"' can only be default-imported using the 'esModuleInterop' flag
src/components/ChatWidget.tsx(5,27): error TS2307: Cannot find module '../assets/hero/support-avatar.png' or its corresponding type declarations.
src/components/ChatWidget.tsx(138,5): error TS17004: Cannot use JSX unless the '--jsx' flag is provided.
src/components/ChatWidget.tsx(140,7): error TS17004: Cannot use JSX unless the '--jsx' flag is provided.
src/components/ChatWidget.tsx(141,9): error TS17004: Cannot use JSX unless the '--jsx' flag is provided.
src/components/ChatWidget.tsx(143,13): error TS17004: Cannot use JSX unless the '--jsx' flag is provided.
src/components/ChatWidget.tsx(150,15): error TS17004: Cannot use JSX unless the '--jsx' flag is provided.
src/components/ChatWidget.tsx(151,17): error TS17004: Cannot use JSX unless the '--jsx' flag is provided.
src/components/ChatWidget.tsx(159,9): error TS17004: Cannot use JSX unless the '--jsx' flag is provided.
src/components/ChatWidget.tsx(168,11): error TS17004: Cannot use JSX unless the '--jsx' flag is provided.
src/components/ChatWidget.tsx(170,15): error TS17004: Cannot use JSX unless the '--jsx' flag is provided.
src/components/ChatWidget.tsx(176,17): error TS17004: Cannot use JSX unless the '--jsx' flag is provided.
src/components/ChatWidget.tsx(179,15): error TS17004: Cannot use JSX unless the '--jsx' flag is provided.
src/components/ChatWidget.tsx(185,17): error TS17004: Cannot use JSX unless the '--jsx' flag is provided.
src/components/ChatWidget.tsx(197,7): error TS17004: Cannot use JSX unless the '--jsx' flag is provided.
src/components/ChatWidget.tsx(199,11): error TS17004: Cannot use JSX unless the '--jsx' flag is provided.
src/components/ChatWidget.tsx(207,13): error TS17004: Cannot use JSX unless the '--jsx' flag is provided.
src/components/ChatWidget.tsx(208,15): error TS17004: Cannot use JSX unless the '--jsx' flag is provided.
src/components/ChatWidget.tsx(209,17): error TS17004: Cannot use JSX unless the '--jsx' flag is provided.
src/components/ChatWidget.tsx(210,19): error TS17004: Cannot use JSX unless the '--jsx' flag is provided.
src/components/ChatWidget.tsx(211,21): error TS17004: Cannot use JSX unless the '--jsx' flag is provided.
src/components/ChatWidget.tsx(217,19): error TS17004: Cannot use JSX unless the '--jsx' flag is provided.
src/components/ChatWidget.tsx(219,17): error TS17004: Cannot use JSX unless the '--jsx' flag is provided.
src/components/ChatWidget.tsx(220,19): error TS17004: Cannot use JSX unless the '--jsx' flag is provided.
src/components/ChatWidget.tsx(221,19): error TS17004: Cannot use JSX unless the '--jsx' flag is provided.
src/components/ChatWidget.tsx(222,21): error TS17004: Cannot use JSX unless the '--jsx' flag is provided.
src/components/ChatWidget.tsx(230,13): error TS17004: Cannot use JSX unless the '--jsx' flag is provided.
src/components/ChatWidget.tsx(232,17): error TS17004: Cannot use JSX unless the '--jsx' flag is provided.
src/components/ChatWidget.tsx(237,19): error TS17004: Cannot use JSX unless the '--jsx' flag is provided.
src/components/ChatWidget.tsx(238,21): error TS17004: Cannot use JSX unless the '--jsx' flag is provided.
src/components/ChatWidget.tsx(240,19): error TS17004: Cannot use JSX unless the '--jsx' flag is provided.
src/components/ChatWidget.tsx(243,19): error TS17004: Cannot use JSX unless the '--jsx' flag is provided.
src/components/ChatWidget.tsx(246,19): error TS17004: Cannot use JSX unless the '--jsx' flag is provided.
src/components/ChatWidget.tsx(254,17): error TS17004: Cannot use JSX unless the '--jsx' flag is provided.
src/components/ChatWidget.tsx(256,19): error TS17004: Cannot use JSX unless the '--jsx' flag is provided.
src/components/ChatWidget.tsx(257,21): error TS17004: Cannot use JSX unless the '--jsx' flag is provided.
src/components/ChatWidget.tsx(258,23): error TS17004: Cannot use JSX unless the '--jsx' flag is provided.
src/components/ChatWidget.tsx(259,25): error TS17004: Cannot use JSX unless the '--jsx' flag is provided.
src/components/ChatWidget.tsx(265,23): error TS17004: Cannot use JSX unless the '--jsx' flag is provided.
src/components/ChatWidget.tsx(266,25): error TS17004: Cannot use JSX unless the '--jsx' flag is provided.
src/components/ChatWidget.tsx(274,19): error TS17004: Cannot use JSX unless the '--jsx' flag is provided.
src/components/ChatWidget.tsx(275,21): error TS17004: Cannot use JSX unless the '--jsx' flag is provided.
src/components/ChatWidget.tsx(276,23): error TS17004: Cannot use JSX unless the '--jsx' flag is provided.
src/components/ChatWidget.tsx(277,25): error TS17004: Cannot use JSX unless the '--jsx' flag is provided.
src/components/ChatWidget.tsx(278,25): error TS17004: Cannot use JSX unless the '--jsx' flag is provided.
src/components/ChatWidget.tsx(289,23): error TS17004: Cannot use JSX unless the '--jsx' flag is provided.
src/components/ChatWidget.tsx(290,25): error TS17004: Cannot use JSX unless the '--jsx' flag is provided.
src/components/ChatWidget.tsx(291,25): error TS17004: Cannot use JSX unless the '--jsx' flag is provided.
src/components/ChatWidget.tsx(302,23): error TS17004: Cannot use JSX unless the '--jsx' flag is provided.
src/components/ChatWidget.tsx(303,25): error TS17004: Cannot use JSX unless the '--jsx' flag is provided.
src/components/ChatWidget.tsx(304,25): error TS17004: Cannot use JSX unless the '--jsx' flag is provided.
src/components/ChatWidget.tsx(315,23): error TS17004: Cannot use JSX unless the '--jsx' flag is provided.
src/components/ChatWidget.tsx(327,23): error TS17004: Cannot use JSX unless the '--jsx' flag is provided.
src/components/ChatWidget.tsx(336,21): error TS17004: Cannot use JSX unless the '--jsx' flag is provided.
src/components/ChatWidget.tsx(342,25): error TS17004: Cannot use JSX unless the '--jsx' flag is provided.
src/components/ChatWidget.tsx(343,27): error TS17004: Cannot use JSX unless the '--jsx' flag is provided.
src/components/ChatWidget.tsx(347,25): error TS17004: Cannot use JSX unless the '--jsx' flag is provided.
src/components/ChatWidget.tsx(349,27): error TS17004: Cannot use JSX unless the '--jsx' flag is provided.
src/components/ChatWidget.tsx(354,21): error TS17004: Cannot use JSX unless the '--jsx' flag is provided.
src/components/Learn.tsx(1,8): error TS1259: Module '"C:/Users/LSC16/Desktop/DB SKills/Bharat Vishwa Saarti/node_modules/@types/react/index"' can only be default-imported using the 'esModuleInterop' flag
src/components/Learn.tsx(19,28): error TS6142: Module '../components/CandidateTypes' was resolved to 'C:/Users/LSC16/Desktop/DB SKills/Bharat Vishwa Saarti/src/components/CandidateTypes.tsx', but '--jsx' is not set.
src/components/Learn.tsx(20,24): error TS6142: Module './ApplyModal' was resolved to 'C:/Users/LSC16/Desktop/DB SKills/Bharat Vishwa Saarti/src/components/ApplyModal.tsx', but '--jsx' is not set.
src/components/Learn.tsx(37,13): error TS17004: Cannot use JSX unless the '--jsx' flag is provided.
src/components/Learn.tsx(44,13): error TS17004: Cannot use JSX unless the '--jsx' flag is provided.
src/components/Learn.tsx(51,13): error TS17004: Cannot use JSX unless the '--jsx' flag is provided.
src/components/Learn.tsx(58,13): error TS17004: Cannot use JSX unless the '--jsx' flag is provided.
src/components/Learn.tsx(65,13): error TS17004: Cannot use JSX unless the '--jsx' flag is provided.
src/components/Learn.tsx(72,13): error TS17004: Cannot use JSX unless the '--jsx' flag is provided.
src/components/Learn.tsx(79,13): error TS17004: Cannot use JSX unless the '--jsx' flag is provided.
src/components/Learn.tsx(81,48): error TS17004: Cannot use JSX unless the '--jsx' flag is provided.
src/components/Learn.tsx(82,57): error TS17004: Cannot use JSX unless the '--jsx' flag is provided.
src/components/Learn.tsx(85,13): error TS17004: Cannot use JSX unless the '--jsx' flag is provided.
src/components/Learn.tsx(87,46): error TS17004: Cannot use JSX unless the '--jsx' flag is provided.
src/components/Learn.tsx(90,13): error TS17004: Cannot use JSX unless the '--jsx' flag is provided.
src/components/Learn.tsx(99,13): error TS17004: Cannot use JSX unless the '--jsx' flag is provided.
src/components/Learn.tsx(108,13): error TS17004: Cannot use JSX unless the '--jsx' flag is provided.
src/components/Learn.tsx(117,13): error TS17004: Cannot use JSX unless the '--jsx' flag is provided.
src/components/Learn.tsx(137,5): error TS17004: Cannot use JSX unless the '--jsx' flag is provided.
src/components/Learn.tsx(138,7): error TS17004: Cannot use JSX unless the '--jsx' flag is provided.
src/components/Learn.tsx(140,7): error TS17004: Cannot use JSX unless the '--jsx' flag is provided.
src/components/Learn.tsx(141,9): error TS17004: Cannot use JSX unless the '--jsx' flag is provided.
src/components/Learn.tsx(147,11): error TS17004: Cannot use JSX unless the '--jsx' flag is provided.
src/components/Learn.tsx(148,13): error TS17004: Cannot use JSX unless the '--jsx' flag is provided.
src/components/Learn.tsx(154,11): error TS17004: Cannot use JSX unless the '--jsx' flag is provided.
src/components/Learn.tsx(155,13): error TS17004: Cannot use JSX unless the '--jsx' flag is provided.
src/components/Learn.tsx(157,17): error TS17004: Cannot use JSX unless the '--jsx' flag is provided.
src/components/Learn.tsx(165,19): error TS17004: Cannot use JSX unless the '--jsx' flag is provided.
src/components/Learn.tsx(169,19): error TS17004: Cannot use JSX unless the '--jsx' flag is provided.
src/components/Learn.tsx(173,19): error TS17004: Cannot use JSX unless the '--jsx' flag is provided.
src/components/Learn.tsx(176,19): error TS17004: Cannot use JSX unless the '--jsx' flag is provided.
src/components/Learn.tsx(185,11): error TS17004: Cannot use JSX unless the '--jsx' flag is provided.
src/components/Learn.tsx(191,13): error TS17004: Cannot use JSX unless the '--jsx' flag is provided.
src/components/Learn.tsx(192,15): error TS17004: Cannot use JSX unless the '--jsx' flag is provided.
src/components/Learn.tsx(193,17): error TS17004: Cannot use JSX unless the '--jsx' flag is provided.
src/components/Learn.tsx(195,15): error TS17004: Cannot use JSX unless the '--jsx' flag is provided.
src/components/Learn.tsx(200,13): error TS17004: Cannot use JSX unless the '--jsx' flag is provided.
src/components/Learn.tsx(202,17): error TS17004: Cannot use JSX unless the '--jsx' flag is provided.
src/components/Learn.tsx(209,19): error TS17004: Cannot use JSX unless the '--jsx' flag is provided.
src/components/Learn.tsx(210,19): error TS17004: Cannot use JSX unless the '--jsx' flag is provided.
src/components/Learn.tsx(219,11): error TS17004: Cannot use JSX unless the '--jsx' flag is provided.
src/components/Learn.tsx(220,13): error TS17004: Cannot use JSX unless the '--jsx' flag is provided.
src/components/Learn.tsx(224,13): error TS17004: Cannot use JSX unless the '--jsx' flag is provided.
src/components/Learn.tsx(226,17): error TS17004: Cannot use JSX unless the '--jsx' flag is provided.
src/components/Learn.tsx(234,19): error TS17004: Cannot use JSX unless the '--jsx' flag is provided.
src/components/Learn.tsx(238,19): error TS17004: Cannot use JSX unless the '--jsx' flag is provided.
src/components/Learn.tsx(241,19): error TS17004: Cannot use JSX unless the '--jsx' flag is provided.
src/components/Learn.tsx(245,19): error TS17004: Cannot use JSX unless the '--jsx' flag is provided.
src/components/Learn.tsx(269,9): error TS17004: Cannot use JSX unless the '--jsx' flag is provided.
src/components/Learn.tsx(270,11): error TS17004: Cannot use JSX unless the '--jsx' flag is provided.
src/components/Learn.tsx(276,13): error TS17004: Cannot use JSX unless the '--jsx' flag is provided.
src/components/Learn.tsx(280,15): error TS17004: Cannot use JSX unless the '--jsx' flag is provided.
src/components/Learn.tsx(283,13): error TS17004: Cannot use JSX unless the '--jsx' flag is provided.
src/components/Learn.tsx(284,15): error TS17004: Cannot use JSX unless the '--jsx' flag is provided.
src/components/Learn.tsx(285,17): error TS17004: Cannot use JSX unless the '--jsx' flag is provided.
src/components/Learn.tsx(288,17): error TS17004: Cannot use JSX unless the '--jsx' flag is provided.
src/components/Learn.tsx(293,15): error TS17004: Cannot use JSX unless the '--jsx' flag is provided.
src/components/Learn.tsx(294,17): error TS17004: Cannot use JSX unless the '--jsx' flag is provided.
src/components/Learn.tsx(295,19): error TS17004: Cannot use JSX unless the '--jsx' flag is provided.
src/components/Learn.tsx(296,21): error TS17004: Cannot use JSX unless the '--jsx' flag is provided.
src/components/Learn.tsx(299,21): error TS17004: Cannot use JSX unless the '--jsx' flag is provided.
src/components/Learn.tsx(305,19): error TS17004: Cannot use JSX unless the '--jsx' flag is provided.
src/components/Learn.tsx(306,21): error TS17004: Cannot use JSX unless the '--jsx' flag is provided.
src/components/Learn.tsx(309,21): error TS17004: Cannot use JSX unless the '--jsx' flag is provided.
src/components/Learn.tsx(317,17): error TS17004: Cannot use JSX unless the '--jsx' flag is provided.
src/components/Learn.tsx(318,19): error TS17004: Cannot use JSX unless the '--jsx' flag is provided.
src/components/Learn.tsx(321,19): error TS17004: Cannot use JSX unless the '--jsx' flag is provided.
src/components/Learn.tsx(328,17): error TS17004: Cannot use JSX unless the '--jsx' flag is provided.
src/components/Learn.tsx(329,19): error TS17004: Cannot use JSX unless the '--jsx' flag is provided.
src/components/Learn.tsx(332,19): error TS17004: Cannot use JSX unless the '--jsx' flag is provided.
src/components/Learn.tsx(339,17): error TS17004: Cannot use JSX unless the '--jsx' flag is provided.
src/components/Learn.tsx(340,19): error TS17004: Cannot use JSX unless the '--jsx' flag is provided.
src/components/Learn.tsx(343,19): error TS17004: Cannot use JSX unless the '--jsx' flag is provided.
src/components/Learn.tsx(348,21): error TS17004: Cannot use JSX unless the '--jsx' flag is provided.
src/components/Learn.tsx(349,21): error TS17004: Cannot use JSX unless the '--jsx' flag is provided.
src/components/Learn.tsx(350,21): error TS17004: Cannot use JSX unless the '--jsx' flag is provided.
src/components/Learn.tsx(353,21): error TS17004: Cannot use JSX unless the '--jsx' flag is provided.
src/components/Learn.tsx(359,17): error TS17004: Cannot use JSX unless the '--jsx' flag is provided.
src/components/Learn.tsx(360,19): error TS17004: Cannot use JSX unless the '--jsx' flag is provided.
src/components/Learn.tsx(363,19): error TS17004: Cannot use JSX unless the '--jsx' flag is provided.
src/components/Learn.tsx(369,17): error TS17004: Cannot use JSX unless the '--jsx' flag is provided.
